// Jest Snapshot v1, https://goo.gl/fbAQLP

exports[`ProductItem testing ProductItem with auth 1`] = `
Object {
  "asFragment": [Function],
  "baseElement": <body>
    <div>
      <li
        class="menu__item"
      >
        <a
          class="link"
          href="/1"
        >
          <p
            class="menu__title"
          >
             
            title1
             
          </p>
        </a>
        <img
          alt="title1"
          class="menu__img"
          src="image1"
        />
        <div
          class="menu__category"
        >
          Category: 
          <span>
            category1
          </span>
        </div>
        <div
          class="menu__price"
        >
          Price: 
          <span>
            25
            $
          </span>
        </div>
        <button
          class="menu__btn"
        >
          Add to cart
        </button>
      </li>
    </div>
  </body>,
  "container": <div>
    <li
      class="menu__item"
    >
      <a
        class="link"
        href="/1"
      >
        <p
          class="menu__title"
        >
           
          title1
           
        </p>
      </a>
      <img
        alt="title1"
        class="menu__img"
        src="image1"
      />
      <div
        class="menu__category"
      >
        Category: 
        <span>
          category1
        </span>
      </div>
      <div
        class="menu__price"
      >
        Price: 
        <span>
          25
          $
        </span>
      </div>
      <button
        class="menu__btn"
      >
        Add to cart
      </button>
    </li>
  </div>,
  "debug": [Function],
  "findAllByAltText": [Function],
  "findAllByDisplayValue": [Function],
  "findAllByLabelText": [Function],
  "findAllByPlaceholderText": [Function],
  "findAllByRole": [Function],
  "findAllByTestId": [Function],
  "findAllByText": [Function],
  "findAllByTitle": [Function],
  "findByAltText": [Function],
  "findByDisplayValue": [Function],
  "findByLabelText": [Function],
  "findByPlaceholderText": [Function],
  "findByRole": [Function],
  "findByTestId": [Function],
  "findByText": [Function],
  "findByTitle": [Function],
  "getAllByAltText": [Function],
  "getAllByDisplayValue": [Function],
  "getAllByLabelText": [Function],
  "getAllByPlaceholderText": [Function],
  "getAllByRole": [Function],
  "getAllByTestId": [Function],
  "getAllByText": [Function],
  "getAllByTitle": [Function],
  "getByAltText": [Function],
  "getByDisplayValue": [Function],
  "getByLabelText": [Function],
  "getByPlaceholderText": [Function],
  "getByRole": [Function],
  "getByTestId": [Function],
  "getByText": [Function],
  "getByTitle": [Function],
  "queryAllByAltText": [Function],
  "queryAllByDisplayValue": [Function],
  "queryAllByLabelText": [Function],
  "queryAllByPlaceholderText": [Function],
  "queryAllByRole": [Function],
  "queryAllByTestId": [Function],
  "queryAllByText": [Function],
  "queryAllByTitle": [Function],
  "queryByAltText": [Function],
  "queryByDisplayValue": [Function],
  "queryByLabelText": [Function],
  "queryByPlaceholderText": [Function],
  "queryByRole": [Function],
  "queryByTestId": [Function],
  "queryByText": [Function],
  "queryByTitle": [Function],
  "rerender": [Function],
  "unmount": [Function],
}
`;
