// Jest Snapshot v1, https://goo.gl/fbAQLP

exports[`CartPage render without errors CartPage rendering 1`] = `
Object {
  "asFragment": [Function],
  "baseElement": <body>
    <div>
      <div
        class="header"
      >
        <div
          class="navigation"
        >
          <a
            class="nav-link"
            href="/"
          >
            Главная
          </a>
          <a
            class="nav-link"
            href="/about"
          >
            О магазине
          </a>
        </div>
        <div
          class="auth-block"
        >
          <span
            class="enter-exit-span"
            data-testid="set_modal_active_button"
          >
            Вход
          </span>
          <div
            class="modal"
          >
            <div
              class="modal__content"
            >
              <div
                class="auth-modal-block"
              >
                <h2
                  class="auth-title"
                >
                  Авторизация
                </h2>
                <label
                  class="auth-label"
                >
                  Email
                </label>
                <input
                  class="auth-input"
                  placeholder="Enter email"
                  type="email"
                />
                <label
                  class="auth-label"
                >
                  Password
                </label>
                <input
                  class="auth-input"
                  placeholder="Enter password"
                  type="text"
                />
                <button
                  class="auth-btn"
                >
                  Войти
                </button>
                <button
                  class="auth-btn"
                >
                   
                  Заполнить поля коррект. данными юзера
                </button>
                <button
                  class="auth-btn"
                >
                  Заполнить поля данными админа
                </button>
              </div>
            </div>
          </div>
        </div>
      </div>
    </div>
  </body>,
  "container": <div>
    <div
      class="header"
    >
      <div
        class="navigation"
      >
        <a
          class="nav-link"
          href="/"
        >
          Главная
        </a>
        <a
          class="nav-link"
          href="/about"
        >
          О магазине
        </a>
      </div>
      <div
        class="auth-block"
      >
        <span
          class="enter-exit-span"
          data-testid="set_modal_active_button"
        >
          Вход
        </span>
        <div
          class="modal"
        >
          <div
            class="modal__content"
          >
            <div
              class="auth-modal-block"
            >
              <h2
                class="auth-title"
              >
                Авторизация
              </h2>
              <label
                class="auth-label"
              >
                Email
              </label>
              <input
                class="auth-input"
                placeholder="Enter email"
                type="email"
              />
              <label
                class="auth-label"
              >
                Password
              </label>
              <input
                class="auth-input"
                placeholder="Enter password"
                type="text"
              />
              <button
                class="auth-btn"
              >
                Войти
              </button>
              <button
                class="auth-btn"
              >
                 
                Заполнить поля коррект. данными юзера
              </button>
              <button
                class="auth-btn"
              >
                Заполнить поля данными админа
              </button>
            </div>
          </div>
        </div>
      </div>
    </div>
  </div>,
  "debug": [Function],
  "findAllByAltText": [Function],
  "findAllByDisplayValue": [Function],
  "findAllByLabelText": [Function],
  "findAllByPlaceholderText": [Function],
  "findAllByRole": [Function],
  "findAllByTestId": [Function],
  "findAllByText": [Function],
  "findAllByTitle": [Function],
  "findByAltText": [Function],
  "findByDisplayValue": [Function],
  "findByLabelText": [Function],
  "findByPlaceholderText": [Function],
  "findByRole": [Function],
  "findByTestId": [Function],
  "findByText": [Function],
  "findByTitle": [Function],
  "getAllByAltText": [Function],
  "getAllByDisplayValue": [Function],
  "getAllByLabelText": [Function],
  "getAllByPlaceholderText": [Function],
  "getAllByRole": [Function],
  "getAllByTestId": [Function],
  "getAllByText": [Function],
  "getAllByTitle": [Function],
  "getByAltText": [Function],
  "getByDisplayValue": [Function],
  "getByLabelText": [Function],
  "getByPlaceholderText": [Function],
  "getByRole": [Function],
  "getByTestId": [Function],
  "getByText": [Function],
  "getByTitle": [Function],
  "queryAllByAltText": [Function],
  "queryAllByDisplayValue": [Function],
  "queryAllByLabelText": [Function],
  "queryAllByPlaceholderText": [Function],
  "queryAllByRole": [Function],
  "queryAllByTestId": [Function],
  "queryAllByText": [Function],
  "queryAllByTitle": [Function],
  "queryByAltText": [Function],
  "queryByDisplayValue": [Function],
  "queryByLabelText": [Function],
  "queryByPlaceholderText": [Function],
  "queryByRole": [Function],
  "queryByTestId": [Function],
  "queryByText": [Function],
  "queryByTitle": [Function],
  "rerender": [Function],
  "unmount": [Function],
}
`;

exports[`Navigation render without errors Navigation rendering 1`] = `
Object {
  "asFragment": [Function],
  "baseElement": <body>
    <div>
      <div
        class="header"
      >
        <div
          class="navigation"
        >
          <a
            class="nav-link"
            href="/"
          >
            Главная
          </a>
          <a
            class="nav-link"
            href="/about"
          >
            О магазине
          </a>
        </div>
        <div
          class="auth-block"
        >
          <span
            class="enter-exit-span"
            data-testid="set_modal_active_button"
          >
            Вход
          </span>
          <div
            class="modal"
          >
            <div
              class="modal__content"
            >
              <div
                class="auth-modal-block"
              >
                <h2
                  class="auth-title"
                >
                  Авторизация
                </h2>
                <label
                  class="auth-label"
                >
                  Email
                </label>
                <input
                  class="auth-input"
                  placeholder="Enter email"
                  type="email"
                />
                <label
                  class="auth-label"
                >
                  Password
                </label>
                <input
                  class="auth-input"
                  placeholder="Enter password"
                  type="text"
                />
                <button
                  class="auth-btn"
                >
                  Войти
                </button>
                <button
                  class="auth-btn"
                >
                   
                  Заполнить поля коррект. данными юзера
                </button>
                <button
                  class="auth-btn"
                >
                  Заполнить поля данными админа
                </button>
              </div>
            </div>
          </div>
        </div>
      </div>
    </div>
  </body>,
  "container": <div>
    <div
      class="header"
    >
      <div
        class="navigation"
      >
        <a
          class="nav-link"
          href="/"
        >
          Главная
        </a>
        <a
          class="nav-link"
          href="/about"
        >
          О магазине
        </a>
      </div>
      <div
        class="auth-block"
      >
        <span
          class="enter-exit-span"
          data-testid="set_modal_active_button"
        >
          Вход
        </span>
        <div
          class="modal"
        >
          <div
            class="modal__content"
          >
            <div
              class="auth-modal-block"
            >
              <h2
                class="auth-title"
              >
                Авторизация
              </h2>
              <label
                class="auth-label"
              >
                Email
              </label>
              <input
                class="auth-input"
                placeholder="Enter email"
                type="email"
              />
              <label
                class="auth-label"
              >
                Password
              </label>
              <input
                class="auth-input"
                placeholder="Enter password"
                type="text"
              />
              <button
                class="auth-btn"
              >
                Войти
              </button>
              <button
                class="auth-btn"
              >
                 
                Заполнить поля коррект. данными юзера
              </button>
              <button
                class="auth-btn"
              >
                Заполнить поля данными админа
              </button>
            </div>
          </div>
        </div>
      </div>
    </div>
  </div>,
  "debug": [Function],
  "findAllByAltText": [Function],
  "findAllByDisplayValue": [Function],
  "findAllByLabelText": [Function],
  "findAllByPlaceholderText": [Function],
  "findAllByRole": [Function],
  "findAllByTestId": [Function],
  "findAllByText": [Function],
  "findAllByTitle": [Function],
  "findByAltText": [Function],
  "findByDisplayValue": [Function],
  "findByLabelText": [Function],
  "findByPlaceholderText": [Function],
  "findByRole": [Function],
  "findByTestId": [Function],
  "findByText": [Function],
  "findByTitle": [Function],
  "getAllByAltText": [Function],
  "getAllByDisplayValue": [Function],
  "getAllByLabelText": [Function],
  "getAllByPlaceholderText": [Function],
  "getAllByRole": [Function],
  "getAllByTestId": [Function],
  "getAllByText": [Function],
  "getAllByTitle": [Function],
  "getByAltText": [Function],
  "getByDisplayValue": [Function],
  "getByLabelText": [Function],
  "getByPlaceholderText": [Function],
  "getByRole": [Function],
  "getByTestId": [Function],
  "getByText": [Function],
  "getByTitle": [Function],
  "queryAllByAltText": [Function],
  "queryAllByDisplayValue": [Function],
  "queryAllByLabelText": [Function],
  "queryAllByPlaceholderText": [Function],
  "queryAllByRole": [Function],
  "queryAllByTestId": [Function],
  "queryAllByText": [Function],
  "queryAllByTitle": [Function],
  "queryByAltText": [Function],
  "queryByDisplayValue": [Function],
  "queryByLabelText": [Function],
  "queryByPlaceholderText": [Function],
  "queryByRole": [Function],
  "queryByTestId": [Function],
  "queryByText": [Function],
  "queryByTitle": [Function],
  "rerender": [Function],
  "unmount": [Function],
}
`;
